Microchip MPLAB XC8 Compiler V2.32

Linker command line:

-W-3 --edf=/Applications/microchip/xc8/v2.32/pic/dat/en_msgs.txt -cn \
  -h+dist/default/production/IMU_IDE.X.production.sym \
  --cmf=dist/default/production/IMU_IDE.X.production.cmf -z -Q18F2550 \
  -o/tmp/xcqqH4IoO --defsym=__MPLAB_BUILD=1 \
  -Mdist/default/production/IMU_IDE.X.production.map -E1 -ver=XC8 Compiler \
  --acfsm=1493 -ASTACK=060h-07FFh -pstack=STACK -ACODE=00h-07FFFh \
  -ACONST=00h-07FFFh -ASMALLCONST=0800h-08FFhx120 \
  -AMEDIUMCONST=0800h-07FFFh -ACOMRAM=01h-05Fh -AABS1=00h-07FFh \
  -ABIGRAM=01h-07FFh -ARAM=060h-0FFh,0100h-01FFhx7 -ABANK0=060h-0FFh \
  -ABANK1=0100h-01FFh -ABANK2=0200h-02FFh -ABANK3=0300h-03FFh \
  -ABANK4=0400h-04FFh -ABANK5=0500h-05FFh -ABANK6=0600h-06FFh \
  -ABANK7=0700h-07FFh -ASFR=0F60h-0FFFh -ACONFIG=0300000h-030000Dh \
  -AIDLOC=0200000h-0200007h -AEEDATA=0F00000h-0F000FFh -peeprom_data=EEDATA \
  -preset_vec=00h,intcode=08h,intcodelo,powerup,init -pramtop=0800h \
  -psmallconst=SMALLCONST -pmediumconst=MEDIUMCONST -pconst=CONST \
  -AFARRAM=00h-00h \
  -prdata=COMRAM,nvrram=COMRAM,nvbit=COMRAM,rbss=COMRAM,rbit=COMRAM \
  -pfarbss=FARRAM,fardata=FARRAM,nvFARRAM=FARRAM \
  -pintsave_regs=BIGRAM,bigbss=BIGRAM,bigdata=BIGRAM -pbss=RAM \
  -pidata=CODE,irdata=CODE,ibigdata=CODE,ifardata=CODE -prparam=COMRAM \
  /tmp/xcDZIgNjM.o dist/default/production/IMU_IDE.X.production.o 

Object code version is 3.11

Machine type is 18F2550



                Name                               Link     Load   Length Selector   Space Scale
/tmp/xcDZIgNjM.o
                idloc                            200000   200000        8        0       5
                config                           300000   300000        E        0       4
                init                                  E        E        4        4       0
                reset_vec                             0        0        4        0       0
dist/default/production/IMU_IDE.X.production.o
                intcode                               8        8        6        4       0
                idloc                            200000   200000        8        0       5
                config                           300000   300000        E        0       4
                temp                                 19       19        1        1       1
                text16                              38E      38E       1A        4       0
                intcode_body                        3E6      3E6        A        4       0
                text14                               12       12      10C        4       0
                text13                              2B2      2B2       40        4       0
                text12                              34A      34A       26        4       0
                text11                              3DC      3DC        A        4       0
                text10                              3A8      3A8       16        4       0
                text9                               3BE      3BE       10        4       0
                text8                               400      400        8        4       0
                text7                               3F8      3F8        8        4       0
                text6                               3F0      3F0        8        4       0
                text5                               320      320       2A        4       0
                text4                               370      370       1E        4       0
                text3                               1C0      1C0       7E        4       0
                text2                               23E      23E       74        4       0
                text1                               2F2      2F2       2E        4       0
                text0                               11E      11E       A2        4       0
                cstackCOMRAM                          1        1       16        1       1
                bssCOMRAM                            17       17        2        1       1
                cinit                               3CE      3CE        E        4       0

TOTAL           Name                               Link     Load   Length     Space
        CLASS   STACK          

        CLASS   CODE           
                intcode                               8        8        6         0
                init                                  E        E        4         0
                reset_vec                             0        0        4         0
                text16                              38E      38E       1A         0
                intcode_body                        3E6      3E6        A         0
                text14                               12       12      10C         0
                text13                              2B2      2B2       40         0
                text12                              34A      34A       26         0
                text11                              3DC      3DC        A         0
                text10                              3A8      3A8       16         0
                text9                               3BE      3BE       10         0
                text8                               400      400        8         0
                text7                               3F8      3F8        8         0
                text6                               3F0      3F0        8         0
                text5                               320      320       2A         0
                text4                               370      370       1E         0
                text3                               1C0      1C0       7E         0
                text2                               23E      23E       74         0
                text1                               2F2      2F2       2E         0
                text0                               11E      11E       A2         0
                cinit                               3CE      3CE        E         0

        CLASS   CONST          

        CLASS   SMALLCONST     

        CLASS   MEDIUMCONST    

        CLASS   COMRAM         
                temp                                 19       19        1         1
                cstackCOMRAM                          1        1       16         1
                bssCOMRAM                            17       17        2         1

        CLASS   ABS1           

        CLASS   BIGRAM         

        CLASS   RAM            

        CLASS   BANK0          

        CLASS   BANK1          

        CLASS   BANK2          

        CLASS   BANK3          

        CLASS   BANK4          

        CLASS   BANK5          

        CLASS   BANK6          

        CLASS   BANK7          

        CLASS   SFR            

        CLASS   CONFIG         
                config                           300000   300000        E         4

        CLASS   IDLOC          
                idloc                            200000   200000        8         5

        CLASS   EEDATA         

        CLASS   FARRAM         



SEGMENTS        Name                           Load    Length   Top    Selector   Space  Class

                reset_vec                      000000  000004  000004         0       0  CODE    
                cstackCOMRAM                   000001  000019  00001A         1       1  COMRAM  
                intcode                        000008  000400  000408         4       0  CODE    


UNUSED ADDRESS RANGES

        Name                Unused          Largest block    Delta
        BANK0            000060-0000FF               A0
        BANK1            000100-0001FF              100
        BANK2            000200-0002FF              100
        BANK3            000300-0003FF              100
        BANK4            000400-0004FF              100
        BANK5            000500-0005FF              100
        BANK6            000600-0006FF              100
        BANK7            000700-0007FF              100
        BIGRAM           00001A-0007FF              7E6
        CODE             000004-000007                4
                         000408-007FFF             7BF8
        COMRAM           00001A-00005F               46
        CONST            000004-000007                4
                         000408-007FFF             7BF8
        EEDATA           F00000-F000FF              100
        MEDIUMCONST      000800-007FFF             7800
        RAM              000060-0007FF              100
        SFR              000F60-000FFF               A0
        SMALLCONST       000800-007FFF              100
        STACK            000060-0007FF              7A0

                                  Symbol Table

?___aldiv                   cstackCOMRAM 000001
L3GD20_Read@address         cstackCOMRAM 000003
L3GD20_Read@data            cstackCOMRAM 000004
L3GD20_write@address        cstackCOMRAM 000004
L3GD20_write@data           cstackCOMRAM 000003
_ACKDT                      (abs)        007E2D
_ACKEN                      (abs)        007E2C
_ACKSTAT                    (abs)        007E2E
_BRG16                      (abs)        007DC3
_BRGH                       (abs)        007D62
_CREN                       (abs)        007D5C
_GIE                        (abs)        007F97
_ISR                        intcode      000008
_L3GD20_Read                text5        000320
_L3GD20_write               text4        000370
_PEIE                       (abs)        007F96
_PEN                        (abs)        007E2A
_PORTBbits                  (abs)        000F81
_PORTCbits                  (abs)        000F82
_RCEN                       (abs)        007E2B
_RCIE                       (abs)        007CED
_RCIF                       (abs)        007CF5
_RCREG                      (abs)        000FAE
_RSEN                       (abs)        007E29
_SEN                        (abs)        007E28
_SPBRG                      (abs)        000FAF
_SPEN                       (abs)        007D5F
_SSPADD                     (abs)        000FC8
_SSPBUF                     (abs)        000FC9
_SSPCON1bits                (abs)        000FC6
_SSPCON2                    (abs)        000FC5
_SSPIE                      (abs)        007CEB
_SSPIF                      (abs)        007CF3
_SSPSTAT                    (abs)        000FC7
_SSPSTATbits                (abs)        000FC7
_SYNC                       (abs)        007D64
_TRISB0                     (abs)        007C98
_TRISB1                     (abs)        007C99
_TRISB3                     (abs)        007C9B
_TRISC0                     (abs)        007CA0
_TRISC6                     (abs)        007CA6
_TRISC7                     (abs)        007CA7
_TRMT                       (abs)        007D61
_TXEN                       (abs)        007D65
_TXREG                      (abs)        000FAD
_UART_ISR                   text16       00038E
__HRAM                      (abs)        000000
__Habs1                     abs1         000000
__Hbank0                    bank0        000000
__Hbank1                    bank1        000000
__Hbank2                    bank2        000000
__Hbank3                    bank3        000000
__Hbank4                    bank4        000000
__Hbank5                    bank5        000000
__Hbank6                    bank6        000000
__Hbank7                    bank7        000000
__Hbigbss                   bigbss       000000
__Hbigdata                  bigdata      000000
__Hbigram                   bigram       000000
__Hbss                      bss          000000
__HbssCOMRAM                bssCOMRAM    000000
__Hcinit                    cinit        000000
__Hclrtext                  clrtext      000000
__Hcomram                   comram       000000
__Hconfig                   config       30000E
__Hconst                    const        000000
__HcstackCOMRAM             cstackCOMRAM 000000
__Hdata                     data         000000
__Heeprom_data              eeprom_data  000000
__Hfarbss                   farbss       000000
__Hfardata                  fardata      000000
__Hibigdata                 ibigdata     000000
__Hidata                    idata        000000
__Hidloc                    idloc        200008
__Hifardata                 ifardata     000000
__Hinit                     init         000012
__Hintcode                  intcode      00000E
__Hintcode_body             intcode_body 000000
__Hintcodelo                intcodelo    00000E
__Hintentry                 intentry     000000
__Hintret                   intret       000000
__Hintsave_regs             intsave_regs 000000
__Hirdata                   irdata       000000
__Hmediumconst              mediumconst  000000
__HnvFARRAM                 nvFARRAM     000000
__Hnvbit                    nvbit        000000
__Hnvrram                   nvrram       000000
__Hparam                    rparam       000000
__Hpowerup                  powerup      00000E
__Hram                      ram          000000
__Hramtop                   ramtop       000800
__Hrbit                     rbit         000000
__Hrbss                     rbss         000000
__Hrdata                    rdata        000000
__Hreset_vec                reset_vec    000004
__Hrparam                   rparam       000000
__Hsfr                      sfr          000000
__Hsmallconst               smallconst   000000
__Hspace_0                  (abs)        000800
__Hspace_1                  (abs)        00001A
__Hspace_2                  (abs)        000000
__Hspace_4                  (abs)        60000E
__Hstack                    stack        000000
__Hstruct                   struct       000000
__Htemp                     temp         00001A
__Htext                     text         000000
__Htext0                    text0        000000
__Htext1                    text1        000000
__Htext10                   text10       000000
__Htext11                   text11       000000
__Htext12                   text12       000000
__Htext13                   text13       000000
__Htext14                   text14       000000
__Htext16                   text16       000000
__Htext2                    text2        000000
__Htext3                    text3        000000
__Htext4                    text4        000000
__Htext5                    text5        000000
__Htext6                    text6        000000
__Htext7                    text7        000000
__Htext8                    text8        000000
__Htext9                    text9        000000
__LRAM                      (abs)        000001
__Labs1                     abs1         000000
__Lbank0                    bank0        000000
__Lbank1                    bank1        000000
__Lbank2                    bank2        000000
__Lbank3                    bank3        000000
__Lbank4                    bank4        000000
__Lbank5                    bank5        000000
__Lbank6                    bank6        000000
__Lbank7                    bank7        000000
__Lbigbss                   bigbss       000000
__Lbigdata                  bigdata      000000
__Lbigram                   bigram       000000
__Lbss                      bss          000000
__LbssCOMRAM                bssCOMRAM    000000
__Lcinit                    cinit        000000
__Lclrtext                  clrtext      000000
__Lcomram                   comram       000000
__Lconfig                   config       000000
__Lconst                    const        000000
__LcstackCOMRAM             cstackCOMRAM 000000
__Ldata                     data         000000
__Leeprom_data              eeprom_data  000000
__Lfarbss                   farbss       000000
__Lfardata                  fardata      000000
__Libigdata                 ibigdata     000000
__Lidata                    idata        000000
__Lidloc                    idloc        000000
__Lifardata                 ifardata     000000
__Linit                     init         00000E
__Lintcode                  intcode      000008
__Lintcode_body             intcode_body 000000
__Lintcodelo                intcodelo    00000E
__Lintentry                 intentry     000000
__Lintret                   intret       000000
__Lintsave_regs             intsave_regs 000000
__Lirdata                   irdata       000000
__Lmediumconst              mediumconst  000000
__LnvFARRAM                 nvFARRAM     000000
__Lnvbit                    nvbit        000000
__Lnvrram                   nvrram       000000
__Lparam                    rparam       000000
__Lpowerup                  powerup      00000E
__Lram                      ram          000000
__Lramtop                   ramtop       000800
__Lrbit                     rbit         000000
__Lrbss                     rbss         000000
__Lrdata                    rdata        000000
__Lreset_vec                reset_vec    000000
__Lrparam                   rparam       000000
__Lsfr                      sfr          000000
__Lsmallconst               smallconst   000000
__Lspace_0                  (abs)        000000
__Lspace_1                  (abs)        000000
__Lspace_2                  (abs)        000000
__Lspace_4                  (abs)        000000
__Lstack                    stack        000000
__Lstruct                   struct       000000
__Ltemp                     temp         000019
__Ltext                     text         000000
__Ltext0                    text0        000000
__Ltext1                    text1        000000
__Ltext10                   text10       000000
__Ltext11                   text11       000000
__Ltext12                   text12       000000
__Ltext13                   text13       000000
__Ltext14                   text14       000000
__Ltext16                   text16       000000
__Ltext2                    text2        000000
__Ltext3                    text3        000000
__Ltext4                    text4        000000
__Ltext5                    text5        000000
__Ltext6                    text6        000000
__Ltext7                    text7        000000
__Ltext8                    text8        000000
__Ltext9                    text9        000000
__S0                        (abs)        000408
__S1                        (abs)        00001A
__S2                        (abs)        000000
__S4                        (abs)        000000
__S5                        (abs)        000000
___aldiv                    text14       000012
___aldiv@counter            cstackCOMRAM 000009
___aldiv@dividend           cstackCOMRAM 000001
___aldiv@divisor            cstackCOMRAM 000005
___aldiv@quotient           cstackCOMRAM 00000B
___aldiv@sign               cstackCOMRAM 00000A
___inthi_sp                 stack        000000
___intlo_sp                 stack        000000
___param_bank               (abs)        000000
___rparam_used              (abs)        000001
___sp                       stack        000000
__accesstop                 (abs)        000060
__activetblptr              (abs)        000000
__end_of_ISR                intcode_body 0003F0
__end_of_L3GD20_Read        text5        00034A
__end_of_L3GD20_write       text4        00038E
__end_of_UART_ISR           text16       0003A8
__end_of___aldiv            text14       00011E
__end_of__initialization    cinit        0003D2
__end_of_init_I2C_Master    text13       0002F2
__end_of_init_L3GD20        text3        00023E
__end_of_init_UART          text2        0002B2
__end_of_main               text0        0001C0
__end_of_print              text1        000320
__end_of_rawRead            text10       0003BE
__end_of_rawSend            text9        0003CE
__end_of_restart_condition  text8        000408
__end_of_sendNACK           text11       0003E6
__end_of_start_condition    text7        000400
__end_of_stop_condition     text6        0003F8
__end_of_wait               text12       000370
__initialization            cinit        0003CE
__mediumconst               mediumconst  000000
__pbssCOMRAM                bssCOMRAM    000017
__pcinit                    cinit        0003CE
__pcstackCOMRAM             cstackCOMRAM 000001
__pintcode                  intcode      000008
__pintcode_body             intcode_body 0003E6
__ptext0                    text0        00011E
__ptext1                    text1        0002F2
__ptext10                   text10       0003A8
__ptext11                   text11       0003DC
__ptext12                   text12       00034A
__ptext13                   text13       0002B2
__ptext14                   text14       000012
__ptext16                   text16       00038E
__ptext2                    text2        00023E
__ptext3                    text3        0001C0
__ptext4                    text4        000370
__ptext5                    text5        000320
__ptext6                    text6        0003F0
__ptext7                    text7        0003F8
__ptext8                    text8        000400
__ptext9                    text9        0003BE
__ramtop                    ramtop       000800
__size_of_ISR               (abs)        000000
__size_of_L3GD20_Read       (abs)        000000
__size_of_L3GD20_write      (abs)        000000
__size_of_UART_ISR          (abs)        000000
__size_of___aldiv           (abs)        000000
__size_of_init_I2C_Master   (abs)        000000
__size_of_init_L3GD20       (abs)        000000
__size_of_init_UART         (abs)        000000
__size_of_main              (abs)        000000
__size_of_print             (abs)        000000
__size_of_rawRead           (abs)        000000
__size_of_rawSend           (abs)        000000
__size_of_restart_condition (abs)        000000
__size_of_sendNACK          (abs)        000000
__size_of_start_condition   (abs)        000000
__size_of_stop_condition    (abs)        000000
__size_of_wait              (abs)        000000
__smallconst                smallconst   000000
_init_I2C_Master            text13       0002B2
_init_L3GD20                text3        0001C0
_init_UART                  text2        00023E
_init_UART$1099             cstackCOMRAM 000013
_main                       text0        00011E
_print                      text1        0002F2
_rawRead                    text10       0003A8
_rawSend                    text9        0003BE
_received                   bssCOMRAM    000017
_restart_condition          text8        000400
_sendNACK                   text11       0003DC
_start_condition            text7        0003F8
_stop_condition             text6        0003F0
_uartReceived               bssCOMRAM    000018
_wait                       text12       00034A
btemp                       temp         000019
end_of_initialization       cinit        0003D2
init_I2C_Master@baudRate    cstackCOMRAM 00000F
init_L3GD20@tmp             cstackCOMRAM 000007
init_UART@baud_rate         cstackCOMRAM 00000F
int$flags                   temp         000019
int_func                    intcode_body 0003E6
intlevel0                   text         000000
intlevel1                   text         000000
intlevel2                   text         000000
intlevel3                   text         000000
isa$std                     (abs)        000001
isa$xinst                   (abs)        000000
print@value                 cstackCOMRAM 000003
rawRead@Data                cstackCOMRAM 000002
rawSend@data                cstackCOMRAM 000002
stackhi                     (abs)        0007FF
stacklo                     (abs)        000060
start                       init         00000E
start_initialization        cinit        0003CE
ttemp5                      temp         00001A
ttemp6                      temp         00001D
ttemp7                      temp         000021
wtemp8                      temp         00001A


MODULE INFORMATION

Module		Function		Class		Link	Load	Size
./UART.h
		_init_UART     		CODE           	023E	0000	116
		_print         		CODE           	02F2	0000	46
		_UART_ISR      		CODE           	038E	0000	26

./UART.h estimated size: 188

shared
		__initialization		CODE           	03CE	0000	4

shared estimated size: 4

/Applications/microchip/xc8/v2.32/pic/sources/c99/common/aldiv.c
		___aldiv       		CODE           	0012	0000	268

/Applications/microchip/xc8/v2.32/pic/sources/c99/common/aldiv.c estimated size: 268

./L3GD20.h
		_L3GD20_Read   		CODE           	0320	0000	42
		_L3GD20_write  		CODE           	0370	0000	30
		_init_L3GD20   		CODE           	01C0	0000	126

./L3GD20.h estimated size: 198

./I2C.h
		_rawRead       		CODE           	03A8	0000	22
		_start_condition		CODE           	03F8	0000	8
		_stop_condition		CODE           	03F0	0000	8
		_restart_condition		CODE           	0400	0000	8
		_init_I2C_Master		CODE           	02B2	0000	64
		_rawSend       		CODE           	03BE	0000	16
		_sendNACK      		CODE           	03DC	0000	10
		_wait          		CODE           	034A	0000	38

./I2C.h estimated size: 174

main.c
		_ISR           		CODE           	0008	0000	16
		_main          		CODE           	011E	0000	162

main.c estimated size: 178

