Microchip MPLAB XC8 Compiler V2.32

Linker command line:

-W-3 --edf=/Applications/microchip/xc8/v2.32/pic/dat/en_msgs.txt -cn \
  -h+dist/default/production/MPU_interfacer.X.production.sym \
  --cmf=dist/default/production/MPU_interfacer.X.production.cmf -z \
  -Q18F45K22 -o/tmp/xcLFBFOmt --defsym=__MPLAB_BUILD=1 \
  -Mdist/default/production/MPU_interfacer.X.production.map -E1 \
  -ver=XC8 Compiler --acfsm=1493 -ASTACK=060h-05FFh -pstack=STACK \
  -ACODE=00h-07FFFh -ACONST=00h-07FFFh -ASMALLCONST=0600h-06FFhx122 \
  -AMEDIUMCONST=0600h-07FFFh -ACOMRAM=01h-05Fh -AABS1=00h-05FFh \
  -ABIGRAM=01h-05FFh -ARAM=060h-0FFh,0100h-01FFhx5 -ABANK0=060h-0FFh \
  -ABANK1=0100h-01FFh -ABANK2=0200h-02FFh -ABANK3=0300h-03FFh \
  -ABANK4=0400h-04FFh -ABANK5=0500h-05FFh -ASFR=0F38h-0F5Fh,0F60h-0FFFh \
  -ACONFIG=0300000h-030000Dh -AIDLOC=0200000h-0200007h \
  -AEEDATA=0F00000h-0F000FFh -peeprom_data=EEDATA \
  -preset_vec=00h,intcode,intcodelo,powerup,init -pramtop=0600h \
  -psmallconst=SMALLCONST -pmediumconst=MEDIUMCONST -pconst=CONST \
  -AFARRAM=00h-00h \
  -prdata=COMRAM,nvrram=COMRAM,nvbit=COMRAM,rbss=COMRAM,rbit=COMRAM \
  -pfarbss=FARRAM,fardata=FARRAM,nvFARRAM=FARRAM \
  -pintsave_regs=BIGRAM,bigbss=BIGRAM,bigdata=BIGRAM -pbss=RAM \
  -pidata=CODE,irdata=CODE,ibigdata=CODE,ifardata=CODE -prparam=COMRAM \
  /tmp/xcUBRm15j.o dist/default/production/MPU_interfacer.X.production.o 

Object code version is 3.11

Machine type is 18F45K22



                Name                               Link     Load   Length Selector   Space Scale
/tmp/xcUBRm15j.o
                idloc                            200000   200000        8        0       5
                config                           300000   300000        E        0       4
                init                                  0        0        4        0       0
dist/default/production/MPU_interfacer.X.production.o
                idloc                            200000   200000        8        0       5
                config                           300000   300000        E        0       4
                text12                             7EF4     7EF4      10C     3F7A       0
                text11                             7D1A     7D1A       8E     3E8D       0
                text10                             7CD4     7CD4       46     3E6A       0
                text9                              7C80     7C80       26     3E40       0
                text8                              7C2E     7C2E       10     3E17       0
                text7                              7C12     7C12        8     3E09       0
                text6                              7C1A     7C1A        8     3E0D       0
                text5                              7C62     7C62       1E     3E31       0
                text4                              7E40     7E40       B4     3F20       0
                text3                              7CA6     7CA6       2E     3E53       0
                text2                              7C3E     7C3E       12     3E1F       0
                text1                              7C22     7C22        C     3E11       0
                text0                              7DA8     7DA8       98     3ED4       0
                cstackCOMRAM                          1        1       1A        1       1
                bssCOMRAM                            1B       1B       15        1       1
                cinit                              7C50     7C50       12     3E28       0

TOTAL           Name                               Link     Load   Length     Space
        CLASS   STACK          

        CLASS   CODE           
                init                                  0        0        4         0
                text12                             7EF4     7EF4      10C         0
                text11                             7D1A     7D1A       8E         0
                text10                             7CD4     7CD4       46         0
                text9                              7C80     7C80       26         0
                text8                              7C2E     7C2E       10         0
                text7                              7C12     7C12        8         0
                text6                              7C1A     7C1A        8         0
                text5                              7C62     7C62       1E         0
                text4                              7E40     7E40       B4         0
                text3                              7CA6     7CA6       2E         0
                text2                              7C3E     7C3E       12         0
                text1                              7C22     7C22        C         0
                text0                              7DA8     7DA8       98         0
                cinit                              7C50     7C50       12         0

        CLASS   CONST          

        CLASS   SMALLCONST     

        CLASS   MEDIUMCONST    

        CLASS   COMRAM         
                cstackCOMRAM                          1        1       1A         1
                bssCOMRAM                            1B       1B       15         1

        CLASS   ABS1           

        CLASS   BIGRAM         

        CLASS   RAM            

        CLASS   BANK0          

        CLASS   BANK1          

        CLASS   BANK2          

        CLASS   BANK3          

        CLASS   BANK4          

        CLASS   BANK5          

        CLASS   SFR            

        CLASS   CONFIG         
                config                           300000   300000        E         4

        CLASS   IDLOC          
                idloc                            200000   200000        8         5

        CLASS   EEDATA         

        CLASS   FARRAM         



SEGMENTS        Name                           Load    Length   Top    Selector   Space  Class

                text5                          007C62  00001E  007C80      3E31       0  CODE    
                text2                          007C3E  000012  007C50      3E1F       0  CODE    
                cinit                          007C50  000012  007C62      3E28       0  CODE    
                text9                          007C80  000026  007CA6      3E40       0  CODE    
                reset_vec                      000000  000004  000004         0       0  CODE    
                text8                          007C2E  000010  007C3E      3E17       0  CODE    
                text3                          007CA6  00002E  007CD4      3E53       0  CODE    
                text10                         007CD4  000046  007D1A      3E6A       0  CODE    
                text1                          007C22  00000C  007C2E      3E11       0  CODE    
                text7                          007C12  000008  007C1A      3E09       0  CODE    
                text6                          007C1A  000008  007C22      3E0D       0  CODE    
                text11                         007D1A  00008E  007DA8      3E8D       0  CODE    
                cstackCOMRAM                   000001  00002F  000030         1       1  COMRAM  
                text4                          007E40  0000B4  007EF4      3F20       0  CODE    
                text0                          007DA8  000098  007E40      3ED4       0  CODE    
                text12                         007EF4  00010C  008000      3F7A       0  CODE    


UNUSED ADDRESS RANGES

        Name                Unused          Largest block    Delta
        BANK0            000060-0000FF               A0
        BANK1            000100-0001FF              100
        BANK2            000200-0002FF              100
        BANK3            000300-0003FF              100
        BANK4            000400-0004FF              100
        BANK5            000500-0005FF              100
        BIGRAM           000030-0005FF              5D0
        CODE             000004-007C11             7C0E
        COMRAM           000030-00005F               30
        CONST            000004-007C11             7C0E
        EEDATA           F00000-F000FF              100
        MEDIUMCONST      000600-007C11             7612
        RAM              000060-0005FF              100
        SFR              000F38-000FFF               28
        SMALLCONST       000600-007C11              100
        STACK            000060-0005FF              5A0

                                  Symbol Table

?___aldiv                                  cstackCOMRAM 000001
_ACKDT1                                    (abs)        007E2D
_ACKDT2                                    (abs)        007B5D
_ACKEN1                                    (abs)        007E2C
_ACKEN2                                    (abs)        007B5C
_ACKSTAT1                                  (abs)        007E2E
_ACKSTAT2                                  (abs)        007B5E
_ANSC3                                     (abs)        0079D3
_ANSC4                                     (abs)        0079D4
_ANSC6                                     (abs)        0079D6
_ANSC7                                     (abs)        0079D7
_ANSD0                                     (abs)        0079D8
_ANSD1                                     (abs)        0079D9
_ANSD2                                     (abs)        0079DA
_ANSELA                                    (abs)        000F38
_BRG161                                    (abs)        007DC3
_BRG162                                    (abs)        007B83
_BRGH1                                     (abs)        007D62
_BRGH2                                     (abs)        007B92
_CREN1                                     (abs)        007D5C
_CREN2                                     (abs)        007B8C
_GIE                                       (abs)        007F97
_OSCCONbits                                (abs)        000FD3
_PEIE                                      (abs)        007F96
_PEN1                                      (abs)        007E2A
_PEN2                                      (abs)        007B5A
_PLLEN                                     (abs)        007CDE
_PORTDbits                                 (abs)        000F83
_RC1IE                                     (abs)        007CED
_RC1IF                                     (abs)        007CF5
_RC2IE                                     (abs)        007D1D
_RC2IF                                     (abs)        007D25
_RCEN1                                     (abs)        007E2B
_RCEN2                                     (abs)        007B5B
_RCREG1                                    (abs)        000FAE
_RCREG2                                    (abs)        000F74
_RSEN1                                     (abs)        007E29
_RSEN2                                     (abs)        007B59
_SEN1                                      (abs)        007E28
_SEN2                                      (abs)        007B58
_SENDB1                                    (abs)        007D63
_SENDB2                                    (abs)        007B93
_SPBRG1                                    (abs)        000FAF
_SPBRG2                                    (abs)        000F75
_SPBRGH1                                   (abs)        000FB0
_SPBRGH2                                   (abs)        000F76
_SPEN1                                     (abs)        007D5F
_SPEN2                                     (abs)        007B8F
_SSP1ADD                                   (abs)        000FC8
_SSP1BUF                                   (abs)        000FC9
_SSP1CON1bits                              (abs)        000FC6
_SSP1CON2                                  (abs)        000FC5
_SSP1IE                                    (abs)        007CEB
_SSP1IF                                    (abs)        007CF3
_SSP1STAT                                  (abs)        000FC7
_SSP1STATbits                              (abs)        000FC7
_SSP2ADD                                   (abs)        000F6E
_SSP2BUF                                   (abs)        000F6F
_SSP2CON1bits                              (abs)        000F6C
_SSP2CON2                                  (abs)        000F6B
_SSP2IE                                    (abs)        007D1F
_SSP2IF                                    (abs)        007D27
_SSP2STAT                                  (abs)        000F6D
_SSP2STATbits                              (abs)        000F6D
_SYNC1                                     (abs)        007D64
_SYNC2                                     (abs)        007B94
_TRISC3                                    (abs)        007CA3
_TRISC4                                    (abs)        007CA4
_TRISC6                                    (abs)        007CA6
_TRISC7                                    (abs)        007CA7
_TRISD0                                    (abs)        007CA8
_TRISD1                                    (abs)        007CA9
_TRISD2                                    (abs)        007CAA
_TRMT1                                     (abs)        007D61
_TRMT2                                     (abs)        007B91
_TX91                                      (abs)        007D66
_TX92                                      (abs)        007B96
_TXEN1                                     (abs)        007D65
_TXEN2                                     (abs)        007B95
_TXREG1                                    (abs)        000FAD
_TXREG2                                    (abs)        000F73
__HRAM                                     (abs)        000000
__Habs1                                    abs1         000000
__Hbank0                                   bank0        000000
__Hbank1                                   bank1        000000
__Hbank2                                   bank2        000000
__Hbank3                                   bank3        000000
__Hbank4                                   bank4        000000
__Hbank5                                   bank5        000000
__Hbigbss                                  bigbss       000000
__Hbigdata                                 bigdata      000000
__Hbigram                                  bigram       000000
__Hbss                                     bss          000000
__HbssCOMRAM                               bssCOMRAM    000000
__Hcinit                                   cinit        000000
__Hclrtext                                 clrtext      000000
__Hcomram                                  comram       000000
__Hconfig                                  config       30000E
__Hconst                                   const        000000
__HcstackCOMRAM                            cstackCOMRAM 000000
__Hdata                                    data         000000
__Heeprom_data                             eeprom_data  000000
__Hfarbss                                  farbss       000000
__Hfardata                                 fardata      000000
__Hibigdata                                ibigdata     000000
__Hidata                                   idata        000000
__Hidloc                                   idloc        200008
__Hifardata                                ifardata     000000
__Hinit                                    init         000004
__Hintcode                                 intcode      000000
__Hintcode_body                            intcode_body 000000
__Hintcodelo                               intcodelo    000000
__Hintentry                                intentry     000000
__Hintret                                  intret       000000
__Hintsave_regs                            intsave_regs 000000
__Hirdata                                  irdata       000000
__Hmediumconst                             mediumconst  000000
__HnvFARRAM                                nvFARRAM     000000
__Hnvbit                                   nvbit        000000
__Hnvrram                                  nvrram       000000
__Hparam                                   rparam       000000
__Hpowerup                                 powerup      000000
__Hram                                     ram          000000
__Hramtop                                  ramtop       000600
__Hrbit                                    rbit         000000
__Hrbss                                    rbss         000000
__Hrdata                                   rdata        000000
__Hreset_vec                               reset_vec    000000
__Hrparam                                  rparam       000000
__Hsfr                                     sfr          000000
__Hsmallconst                              smallconst   000000
__Hspace_0                                 (abs)        008000
__Hspace_1                                 (abs)        000030
__Hspace_2                                 (abs)        000000
__Hspace_4                                 (abs)        60000E
__Hstack                                   stack        000000
__Hstruct                                  struct       000000
__Htemp                                    temp         000000
__Htext                                    text         000000
__Htext0                                   text0        000000
__Htext1                                   text1        000000
__Htext10                                  text10       000000
__Htext11                                  text11       000000
__Htext12                                  text12       000000
__Htext2                                   text2        000000
__Htext3                                   text3        000000
__Htext4                                   text4        000000
__Htext5                                   text5        000000
__Htext6                                   text6        000000
__Htext7                                   text7        000000
__Htext8                                   text8        000000
__Htext9                                   text9        000000
__LRAM                                     (abs)        000001
__Labs1                                    abs1         000000
__Lbank0                                   bank0        000000
__Lbank1                                   bank1        000000
__Lbank2                                   bank2        000000
__Lbank3                                   bank3        000000
__Lbank4                                   bank4        000000
__Lbank5                                   bank5        000000
__Lbigbss                                  bigbss       000000
__Lbigdata                                 bigdata      000000
__Lbigram                                  bigram       000000
__Lbss                                     bss          000000
__LbssCOMRAM                               bssCOMRAM    000000
__Lcinit                                   cinit        000000
__Lclrtext                                 clrtext      000000
__Lcomram                                  comram       000000
__Lconfig                                  config       000000
__Lconst                                   const        000000
__LcstackCOMRAM                            cstackCOMRAM 000000
__Ldata                                    data         000000
__Leeprom_data                             eeprom_data  000000
__Lfarbss                                  farbss       000000
__Lfardata                                 fardata      000000
__Libigdata                                ibigdata     000000
__Lidata                                   idata        000000
__Lidloc                                   idloc        000000
__Lifardata                                ifardata     000000
__Linit                                    init         000000
__Lintcode                                 intcode      000000
__Lintcode_body                            intcode_body 000000
__Lintcodelo                               intcodelo    000000
__Lintentry                                intentry     000000
__Lintret                                  intret       000000
__Lintsave_regs                            intsave_regs 000000
__Lirdata                                  irdata       000000
__Lmediumconst                             mediumconst  000000
__LnvFARRAM                                nvFARRAM     000000
__Lnvbit                                   nvbit        000000
__Lnvrram                                  nvrram       000000
__Lparam                                   rparam       000000
__Lpowerup                                 powerup      000000
__Lram                                     ram          000000
__Lramtop                                  ramtop       000600
__Lrbit                                    rbit         000000
__Lrbss                                    rbss         000000
__Lrdata                                   rdata        000000
__Lreset_vec                               reset_vec    000000
__Lrparam                                  rparam       000000
__Lsfr                                     sfr          000000
__Lsmallconst                              smallconst   000000
__Lspace_0                                 (abs)        000000
__Lspace_1                                 (abs)        000000
__Lspace_2                                 (abs)        000000
__Lspace_4                                 (abs)        000000
__Lstack                                   stack        000000
__Lstruct                                  struct       000000
__Ltemp                                    temp         000000
__Ltext                                    text         000000
__Ltext0                                   text0        000000
__Ltext1                                   text1        000000
__Ltext10                                  text10       000000
__Ltext11                                  text11       000000
__Ltext12                                  text12       000000
__Ltext2                                   text2        000000
__Ltext3                                   text3        000000
__Ltext4                                   text4        000000
__Ltext5                                   text5        000000
__Ltext6                                   text6        000000
__Ltext7                                   text7        000000
__Ltext8                                   text8        000000
__Ltext9                                   text9        000000
__S0                                       (abs)        008000
__S1                                       (abs)        000030
__S2                                       (abs)        000000
__S4                                       (abs)        000000
__S5                                       (abs)        000000
___aldiv                                   text12       007EF4
___aldiv@counter                           cstackCOMRAM 000009
___aldiv@dividend                          cstackCOMRAM 000001
___aldiv@divisor                           cstackCOMRAM 000005
___aldiv@quotient                          cstackCOMRAM 00000B
___aldiv@sign                              cstackCOMRAM 00000A
___inthi_sp                                stack        000000
___intlo_sp                                stack        000000
___param_bank                              (abs)        000000
___rparam_used                             (abs)        000001
___sp                                      stack        000000
__accesstop                                (abs)        000060
__activetblptr                             (abs)        000000
__end_of___aldiv                           text12       008000
__end_of__initialization                   cinit        007C5C
__end_of_initUART1                         text11       007DA8
__end_of_init_I2C_Master1                  text10       007D1A
__end_of_init_MPU6050                      text4        007EF4
__end_of_main                              text0        007E40
__end_of_print                             text3        007CD4
__end_of_rawSendI2C1                       text8        007C3E
__end_of_sendI2C1                          text5        007C80
__end_of_setGPIO                           text2        007C50
__end_of_set_internal_oscillator_with_PLL  text1        007C2E
__end_of_start_condition1                  text7        007C1A
__end_of_stop_condition1                   text6        007C22
__end_of_wait1                             text9        007CA6
__initialization                           cinit        007C50
__mediumconst                              mediumconst  000000
__pbssCOMRAM                               bssCOMRAM    00001B
__pcinit                                   cinit        007C50
__pcstackCOMRAM                            cstackCOMRAM 000001
__ptext0                                   text0        007DA8
__ptext1                                   text1        007C22
__ptext10                                  text10       007CD4
__ptext11                                  text11       007D1A
__ptext12                                  text12       007EF4
__ptext2                                   text2        007C3E
__ptext3                                   text3        007CA6
__ptext4                                   text4        007E40
__ptext5                                   text5        007C62
__ptext6                                   text6        007C1A
__ptext7                                   text7        007C12
__ptext8                                   text8        007C2E
__ptext9                                   text9        007C80
__ramtop                                   ramtop       000600
__size_of___aldiv                          (abs)        000000
__size_of_initUART1                        (abs)        000000
__size_of_init_I2C_Master1                 (abs)        000000
__size_of_init_MPU6050                     (abs)        000000
__size_of_main                             (abs)        000000
__size_of_print                            (abs)        000000
__size_of_rawSendI2C1                      (abs)        000000
__size_of_sendI2C1                         (abs)        000000
__size_of_setGPIO                          (abs)        000000
__size_of_set_internal_oscillator_with_PLL (abs)        000000
__size_of_start_condition1                 (abs)        000000
__size_of_stop_condition1                  (abs)        000000
__size_of_wait1                            (abs)        000000
__smallconst                               smallconst   000000
_accel                                     bssCOMRAM    000021
_gyro                                      bssCOMRAM    00001B
_initUART1                                 text11       007D1A
_initUART1$1677                            cstackCOMRAM 000013
_init_I2C_Master1                          text10       007CD4
_init_MPU6050                              text4        007E40
_main                                      text0        007DA8
_print                                     text3        007CA6
_rawSendI2C1                               text8        007C2E
_received                                  bssCOMRAM    00002E
_received2                                 bssCOMRAM    00002C
_sendI2C1                                  text5        007C62
_setGPIO                                   text2        007C3E
_set_internal_oscillator_with_PLL          text1        007C22
_start                                     bssCOMRAM    00002B
_start_condition1                          text7        007C12
_stop_condition1                           text6        007C1A
_temp                                      bssCOMRAM    000027
_test                                      bssCOMRAM    000029
_uartdata                                  bssCOMRAM    00002F
_uartdata2                                 bssCOMRAM    00002D
_wait1                                     text9        007C80
end_of_initialization                      cinit        007C5C
initUART1@baud_rate                        cstackCOMRAM 00000F
initUART1@num1                             cstackCOMRAM 000017
init_I2C_Master1@baudRate                  cstackCOMRAM 00000F
intlevel0                                  text         000000
intlevel1                                  text         000000
intlevel2                                  text         000000
intlevel3                                  text         000000
isa$std                                    (abs)        000001
isa$xinst                                  (abs)        000000
print@value                                cstackCOMRAM 000003
rawSendI2C1@data                           cstackCOMRAM 000002
sendI2C1@address                           cstackCOMRAM 000003
sendI2C1@data                              cstackCOMRAM 000004
sendI2C1@module_address                    cstackCOMRAM 000005
stackhi                                    (abs)        0005FF
stacklo                                    (abs)        000060
start                                      init         000000
start_initialization                       cinit        007C50


MODULE INFORMATION

Module		Function		Class		Link	Load	Size
./MPU6050.h
		_init_MPU6050  		CODE           	7E40	0000	180

./MPU6050.h estimated size: 180

./UART.h
		_initUART1     		CODE           	7D1A	0000	142
		_print         		CODE           	7CA6	0000	46

./UART.h estimated size: 188

./oscillator.h
		_set_internal_oscillator_with_PLL		CODE           	7C22	0000	12

./oscillator.h estimated size: 12

shared
		__initialization		CODE           	7C50	0000	12

shared estimated size: 12

/Applications/microchip/xc8/v2.32/pic/sources/c99/common/aldiv.c
		___aldiv       		CODE           	7EF4	0000	268

/Applications/microchip/xc8/v2.32/pic/sources/c99/common/aldiv.c estimated size: 268

./I2C.h
		_wait1         		CODE           	7C80	0000	38
		_start_condition1		CODE           	7C12	0000	8
		_stop_condition1		CODE           	7C1A	0000	8
		_sendI2C1      		CODE           	7C62	0000	30
		_rawSendI2C1   		CODE           	7C2E	0000	16
		_init_I2C_Master1		CODE           	7CD4	0000	70

./I2C.h estimated size: 170

main.c
		_main          		CODE           	7DA8	0000	152

main.c estimated size: 152

./GPIO.h
		_setGPIO       		CODE           	7C3E	0000	18

./GPIO.h estimated size: 18

