Microchip MPLAB XC8 Compiler V2.32

Linker command line:

-W-3 --edf=/Applications/microchip/xc8/v2.32/pic/dat/en_msgs.txt -cn \
  -h+dist/default/production/Device_1.X.production.sym \
  --cmf=dist/default/production/Device_1.X.production.cmf -z -Q18F45K22 \
  -o/tmp/xcG0vIGYq --defsym=__MPLAB_BUILD=1 \
  -Mdist/default/production/Device_1.X.production.map -E1 -ver=XC8 Compiler \
  --acfsm=1493 -ASTACK=060h-05FFh -pstack=STACK -ACODE=00h-07FFFh \
  -ACONST=00h-07FFFh -ASMALLCONST=0600h-06FFhx122 \
  -AMEDIUMCONST=0600h-07FFFh -ACOMRAM=01h-05Fh -AABS1=00h-05FFh \
  -ABIGRAM=01h-05FFh -ARAM=060h-0FFh,0100h-01FFhx5 -ABANK0=060h-0FFh \
  -ABANK1=0100h-01FFh -ABANK2=0200h-02FFh -ABANK3=0300h-03FFh \
  -ABANK4=0400h-04FFh -ABANK5=0500h-05FFh -ASFR=0F38h-0F5Fh,0F60h-0FFFh \
  -ACONFIG=0300000h-030000Dh -AIDLOC=0200000h-0200007h \
  -AEEDATA=0F00000h-0F000FFh -peeprom_data=EEDATA \
  -preset_vec=00h,intcode,intcodelo,powerup,init -pramtop=0600h \
  -psmallconst=SMALLCONST -pmediumconst=MEDIUMCONST -pconst=CONST \
  -AFARRAM=00h-00h \
  -prdata=COMRAM,nvrram=COMRAM,nvbit=COMRAM,rbss=COMRAM,rbit=COMRAM \
  -pfarbss=FARRAM,fardata=FARRAM,nvFARRAM=FARRAM \
  -pintsave_regs=BIGRAM,bigbss=BIGRAM,bigdata=BIGRAM -pbss=RAM \
  -pidata=CODE,irdata=CODE,ibigdata=CODE,ifardata=CODE -prparam=COMRAM \
  /tmp/xc4rQDpYz.o dist/default/production/Device_1.X.production.o 

Object code version is 3.11

Machine type is 18F45K22



                Name                               Link     Load   Length Selector   Space Scale
/tmp/xc4rQDpYz.o
                idloc                            200000   200000        8        0       5
                config                           300000   300000        E        0       4
                init                                  0        0        4        0       0
dist/default/production/Device_1.X.production.o
                idloc                            200000   200000        8        0       5
                config                           300000   300000        E        0       4
                text5                              7EF4     7EF4      10C     3F7A       0
                text4                              7E66     7E66       8E     3F33       0
                text3                              7DF8     7DF8       16     3EFC       0
                text2                              7DD6     7DD6        8     3EEB       0
                text1                              7DDE     7DDE        C     3EEF       0
                text0                              7E0E     7E0E       58     3F07       0
                cstackCOMRAM                          1        1       19        1       1
                bssCOMRAM                            1A       1A        4        1       1
                cinit                              7DEA     7DEA        E     3EF5       0

TOTAL           Name                               Link     Load   Length     Space
        CLASS   STACK          

        CLASS   CODE           
                init                                  0        0        4         0
                text5                              7EF4     7EF4      10C         0
                text4                              7E66     7E66       8E         0
                text3                              7DF8     7DF8       16         0
                text2                              7DD6     7DD6        8         0
                text1                              7DDE     7DDE        C         0
                text0                              7E0E     7E0E       58         0
                cinit                              7DEA     7DEA        E         0

        CLASS   CONST          

        CLASS   SMALLCONST     

        CLASS   MEDIUMCONST    

        CLASS   COMRAM         
                cstackCOMRAM                          1        1       19         1
                bssCOMRAM                            1A       1A        4         1

        CLASS   ABS1           

        CLASS   BIGRAM         

        CLASS   RAM            

        CLASS   BANK0          

        CLASS   BANK1          

        CLASS   BANK2          

        CLASS   BANK3          

        CLASS   BANK4          

        CLASS   BANK5          

        CLASS   SFR            

        CLASS   CONFIG         
                config                           300000   300000        E         4

        CLASS   IDLOC          
                idloc                            200000   200000        8         5

        CLASS   EEDATA         

        CLASS   FARRAM         



SEGMENTS        Name                           Load    Length   Top    Selector   Space  Class

                cinit                          007DEA  00000E  007DF8      3EF5       0  CODE    
                text1                          007DDE  00000C  007DEA      3EEF       0  CODE    
                text2                          007DD6  000008  007DDE      3EEB       0  CODE    
                text3                          007DF8  000016  007E0E      3EFC       0  CODE    
                text5                          007EF4  00010C  008000      3F7A       0  CODE    
                text4                          007E66  00008E  007EF4      3F33       0  CODE    
                text0                          007E0E  000058  007E66      3F07       0  CODE    
                reset_vec                      000000  000004  000004         0       0  CODE    
                cstackCOMRAM                   000001  00001D  00001E         1       1  COMRAM  


UNUSED ADDRESS RANGES

        Name                Unused          Largest block    Delta
        BANK0            000060-0000FF               A0
        BANK1            000100-0001FF              100
        BANK2            000200-0002FF              100
        BANK3            000300-0003FF              100
        BANK4            000400-0004FF              100
        BANK5            000500-0005FF              100
        BIGRAM           00001E-0005FF              5E2
        CODE             000004-007DD5             7DD2
        COMRAM           00001E-00005F               42
        CONST            000004-007DD5             7DD2
        EEDATA           F00000-F000FF              100
        MEDIUMCONST      000600-007DD5             77D6
        RAM              000060-0005FF              100
        SFR              000F38-000FFF               28
        SMALLCONST       000600-007DD5              100
        STACK            000060-0005FF              5A0

                                  Symbol Table

?___aldiv                                  cstackCOMRAM 000001
_ANSA5                                     (abs)        0079C5
_ANSC6                                     (abs)        0079D6
_ANSC7                                     (abs)        0079D7
_BRG161                                    (abs)        007DC3
_BRG162                                    (abs)        007B83
_BRGH1                                     (abs)        007D62
_BRGH2                                     (abs)        007B92
_CREN1                                     (abs)        007D5C
_CREN2                                     (abs)        007B8C
_GIE                                       (abs)        007F97
_OSCCONbits                                (abs)        000FD3
_PEIE                                      (abs)        007F96
_PLLEN                                     (abs)        007CDE
_PORTAbits                                 (abs)        000F80
_RC1IE                                     (abs)        007CED
_RC1IF                                     (abs)        007CF5
_RC2IE                                     (abs)        007D1D
_RC2IF                                     (abs)        007D25
_RCREG1                                    (abs)        000FAE
_RCREG2                                    (abs)        000F74
_SENDB1                                    (abs)        007D63
_SENDB2                                    (abs)        007B93
_SPBRG1                                    (abs)        000FAF
_SPBRG2                                    (abs)        000F75
_SPBRGH1                                   (abs)        000FB0
_SPBRGH2                                   (abs)        000F76
_SPEN1                                     (abs)        007D5F
_SPEN2                                     (abs)        007B8F
_SYNC1                                     (abs)        007D64
_SYNC2                                     (abs)        007B94
_TRISA5                                    (abs)        007C95
_TRISC6                                    (abs)        007CA6
_TRISC7                                    (abs)        007CA7
_TRMT1                                     (abs)        007D61
_TRMT2                                     (abs)        007B91
_TX91                                      (abs)        007D66
_TX92                                      (abs)        007B96
_TXEN1                                     (abs)        007D65
_TXEN2                                     (abs)        007B95
_TXREG1                                    (abs)        000FAD
_TXREG2                                    (abs)        000F73
__HRAM                                     (abs)        000000
__Habs1                                    abs1         000000
__Hbank0                                   bank0        000000
__Hbank1                                   bank1        000000
__Hbank2                                   bank2        000000
__Hbank3                                   bank3        000000
__Hbank4                                   bank4        000000
__Hbank5                                   bank5        000000
__Hbigbss                                  bigbss       000000
__Hbigdata                                 bigdata      000000
__Hbigram                                  bigram       000000
__Hbss                                     bss          000000
__HbssCOMRAM                               bssCOMRAM    000000
__Hcinit                                   cinit        000000
__Hclrtext                                 clrtext      000000
__Hcomram                                  comram       000000
__Hconfig                                  config       30000E
__Hconst                                   const        000000
__HcstackCOMRAM                            cstackCOMRAM 000000
__Hdata                                    data         000000
__Heeprom_data                             eeprom_data  000000
__Hfarbss                                  farbss       000000
__Hfardata                                 fardata      000000
__Hibigdata                                ibigdata     000000
__Hidata                                   idata        000000
__Hidloc                                   idloc        200008
__Hifardata                                ifardata     000000
__Hinit                                    init         000004
__Hintcode                                 intcode      000000
__Hintcode_body                            intcode_body 000000
__Hintcodelo                               intcodelo    000000
__Hintentry                                intentry     000000
__Hintret                                  intret       000000
__Hintsave_regs                            intsave_regs 000000
__Hirdata                                  irdata       000000
__Hmediumconst                             mediumconst  000000
__HnvFARRAM                                nvFARRAM     000000
__Hnvbit                                   nvbit        000000
__Hnvrram                                  nvrram       000000
__Hparam                                   rparam       000000
__Hpowerup                                 powerup      000000
__Hram                                     ram          000000
__Hramtop                                  ramtop       000600
__Hrbit                                    rbit         000000
__Hrbss                                    rbss         000000
__Hrdata                                   rdata        000000
__Hreset_vec                               reset_vec    000000
__Hrparam                                  rparam       000000
__Hsfr                                     sfr          000000
__Hsmallconst                              smallconst   000000
__Hspace_0                                 (abs)        008000
__Hspace_1                                 (abs)        00001E
__Hspace_2                                 (abs)        000000
__Hspace_4                                 (abs)        60000E
__Hstack                                   stack        000000
__Hstruct                                  struct       000000
__Htemp                                    temp         000000
__Htext                                    text         000000
__Htext0                                   text0        000000
__Htext1                                   text1        000000
__Htext2                                   text2        000000
__Htext3                                   text3        000000
__Htext4                                   text4        000000
__Htext5                                   text5        000000
__LRAM                                     (abs)        000001
__Labs1                                    abs1         000000
__Lbank0                                   bank0        000000
__Lbank1                                   bank1        000000
__Lbank2                                   bank2        000000
__Lbank3                                   bank3        000000
__Lbank4                                   bank4        000000
__Lbank5                                   bank5        000000
__Lbigbss                                  bigbss       000000
__Lbigdata                                 bigdata      000000
__Lbigram                                  bigram       000000
__Lbss                                     bss          000000
__LbssCOMRAM                               bssCOMRAM    000000
__Lcinit                                   cinit        000000
__Lclrtext                                 clrtext      000000
__Lcomram                                  comram       000000
__Lconfig                                  config       000000
__Lconst                                   const        000000
__LcstackCOMRAM                            cstackCOMRAM 000000
__Ldata                                    data         000000
__Leeprom_data                             eeprom_data  000000
__Lfarbss                                  farbss       000000
__Lfardata                                 fardata      000000
__Libigdata                                ibigdata     000000
__Lidata                                   idata        000000
__Lidloc                                   idloc        000000
__Lifardata                                ifardata     000000
__Linit                                    init         000000
__Lintcode                                 intcode      000000
__Lintcode_body                            intcode_body 000000
__Lintcodelo                               intcodelo    000000
__Lintentry                                intentry     000000
__Lintret                                  intret       000000
__Lintsave_regs                            intsave_regs 000000
__Lirdata                                  irdata       000000
__Lmediumconst                             mediumconst  000000
__LnvFARRAM                                nvFARRAM     000000
__Lnvbit                                   nvbit        000000
__Lnvrram                                  nvrram       000000
__Lparam                                   rparam       000000
__Lpowerup                                 powerup      000000
__Lram                                     ram          000000
__Lramtop                                  ramtop       000600
__Lrbit                                    rbit         000000
__Lrbss                                    rbss         000000
__Lrdata                                   rdata        000000
__Lreset_vec                               reset_vec    000000
__Lrparam                                  rparam       000000
__Lsfr                                     sfr          000000
__Lsmallconst                              smallconst   000000
__Lspace_0                                 (abs)        000000
__Lspace_1                                 (abs)        000000
__Lspace_2                                 (abs)        000000
__Lspace_4                                 (abs)        000000
__Lstack                                   stack        000000
__Lstruct                                  struct       000000
__Ltemp                                    temp         000000
__Ltext                                    text         000000
__Ltext0                                   text0        000000
__Ltext1                                   text1        000000
__Ltext2                                   text2        000000
__Ltext3                                   text3        000000
__Ltext4                                   text4        000000
__Ltext5                                   text5        000000
__S0                                       (abs)        008000
__S1                                       (abs)        00001E
__S2                                       (abs)        000000
__S4                                       (abs)        000000
__S5                                       (abs)        000000
___aldiv                                   text5        007EF4
___aldiv@counter                           cstackCOMRAM 000009
___aldiv@dividend                          cstackCOMRAM 000001
___aldiv@divisor                           cstackCOMRAM 000005
___aldiv@quotient                          cstackCOMRAM 00000B
___aldiv@sign                              cstackCOMRAM 00000A
___inthi_sp                                stack        000000
___intlo_sp                                stack        000000
___param_bank                              (abs)        000000
___rparam_used                             (abs)        000001
___sp                                      stack        000000
__accesstop                                (abs)        000060
__activetblptr                             (abs)        000000
__end_of___aldiv                           text5        008000
__end_of__initialization                   cinit        007DF2
__end_of_initUART1                         text4        007EF4
__end_of_main                              text0        007E66
__end_of_print                             text3        007E0E
__end_of_setGPIO                           text2        007DDE
__end_of_set_internal_oscillator_with_PLL  text1        007DEA
__initialization                           cinit        007DEA
__mediumconst                              mediumconst  000000
__pbssCOMRAM                               bssCOMRAM    00001A
__pcinit                                   cinit        007DEA
__pcstackCOMRAM                            cstackCOMRAM 000001
__ptext0                                   text0        007E0E
__ptext1                                   text1        007DDE
__ptext2                                   text2        007DD6
__ptext3                                   text3        007DF8
__ptext4                                   text4        007E66
__ptext5                                   text5        007EF4
__ramtop                                   ramtop       000600
__size_of___aldiv                          (abs)        000000
__size_of_initUART1                        (abs)        000000
__size_of_main                             (abs)        000000
__size_of_print                            (abs)        000000
__size_of_setGPIO                          (abs)        000000
__size_of_set_internal_oscillator_with_PLL (abs)        000000
__smallconst                               smallconst   000000
_initUART1                                 text4        007E66
_initUART1$912                             cstackCOMRAM 000013
_main                                      text0        007E0E
_print                                     text3        007DF8
_received                                  bssCOMRAM    00001C
_received2                                 bssCOMRAM    00001A
_setGPIO                                   text2        007DD6
_set_internal_oscillator_with_PLL          text1        007DDE
_uartdata                                  bssCOMRAM    00001D
_uartdata2                                 bssCOMRAM    00001B
end_of_initialization                      cinit        007DF2
initUART1@baud_rate                        cstackCOMRAM 00000F
initUART1@num1                             cstackCOMRAM 000017
intlevel0                                  text         000000
intlevel1                                  text         000000
intlevel2                                  text         000000
intlevel3                                  text         000000
isa$std                                    (abs)        000001
isa$xinst                                  (abs)        000000
print@value                                cstackCOMRAM 000001
stackhi                                    (abs)        0005FF
stacklo                                    (abs)        000060
start                                      init         000000
start_initialization                       cinit        007DEA


MODULE INFORMATION

Module		Function		Class		Link	Load	Size
./UART.h
		_initUART1     		CODE           	7E66	0000	142
		_print         		CODE           	7DF8	0000	22

./UART.h estimated size: 164

./oscillator.h
		_set_internal_oscillator_with_PLL		CODE           	7DDE	0000	12

./oscillator.h estimated size: 12

shared
		__initialization		CODE           	7DEA	0000	8

shared estimated size: 8

/Applications/microchip/xc8/v2.32/pic/sources/c99/common/aldiv.c
		___aldiv       		CODE           	7EF4	0000	268

/Applications/microchip/xc8/v2.32/pic/sources/c99/common/aldiv.c estimated size: 268

main.c
		_main          		CODE           	7E0E	0000	88

main.c estimated size: 88

./GPIO.h
		_setGPIO       		CODE           	7DD6	0000	8

./GPIO.h estimated size: 8

