Microchip MPLAB XC8 Compiler V2.32

Linker command line:

-W-3 --edf=/Applications/microchip/xc8/v2.32/pic/dat/en_msgs.txt -cn \
  -h+dist/default/production/Device_2.X.production.sym \
  --cmf=dist/default/production/Device_2.X.production.cmf -z -Q18F2550 \
  -o/tmp/xcpN5rs5h --defsym=__MPLAB_BUILD=1 \
  -Mdist/default/production/Device_2.X.production.map -E1 -ver=XC8 Compiler \
  --acfsm=1493 -ASTACK=060h-07FFh -pstack=STACK -ACODE=00h-07FFFh \
  -ACONST=00h-07FFFh -ASMALLCONST=0800h-08FFhx120 \
  -AMEDIUMCONST=0800h-07FFFh -ACOMRAM=01h-05Fh -AABS1=00h-07FFh \
  -ABIGRAM=01h-07FFh -ARAM=060h-0FFh,0100h-01FFhx7 -ABANK0=060h-0FFh \
  -ABANK1=0100h-01FFh -ABANK2=0200h-02FFh -ABANK3=0300h-03FFh \
  -ABANK4=0400h-04FFh -ABANK5=0500h-05FFh -ABANK6=0600h-06FFh \
  -ABANK7=0700h-07FFh -ASFR=0F60h-0FFFh -ACONFIG=0300000h-030000Dh \
  -AIDLOC=0200000h-0200007h -AEEDATA=0F00000h-0F000FFh -peeprom_data=EEDATA \
  -preset_vec=00h,intcode,intcodelo,powerup,init -pramtop=0800h \
  -psmallconst=SMALLCONST -pmediumconst=MEDIUMCONST -pconst=CONST \
  -AFARRAM=00h-00h \
  -prdata=COMRAM,nvrram=COMRAM,nvbit=COMRAM,rbss=COMRAM,rbit=COMRAM \
  -pfarbss=FARRAM,fardata=FARRAM,nvFARRAM=FARRAM \
  -pintsave_regs=BIGRAM,bigbss=BIGRAM,bigdata=BIGRAM -pbss=RAM \
  -pidata=CODE,irdata=CODE,ibigdata=CODE,ifardata=CODE -prparam=COMRAM \
  /tmp/xcZTUqsBz.o dist/default/production/Device_2.X.production.o 

Object code version is 3.11

Machine type is 18F2550



                Name                               Link     Load   Length Selector   Space Scale
/tmp/xcZTUqsBz.o
                idloc                            200000   200000        8        0       5
                config                           300000   300000        E        0       4
                init                                  0        0        4        0       0
dist/default/production/Device_2.X.production.o
                idloc                            200000   200000        8        0       5
                config                           300000   300000        E        0       4
                text6                              7DCC     7DCC        8     3EE6       0
                text5                              7E00     7E00       36     3F00       0
                text4                              7EF4     7EF4      10C     3F7A       0
                text3                              7E36     7E36       5E     3F1B       0
                text2                              7DDE     7DDE       22     3EEF       0
                text1                              7DC6     7DC6        6     3EE3       0
                text0                              7E94     7E94       60     3F4A       0
                cstackCOMRAM                          1        1       16        1       1
                bssCOMRAM                            17       17        2        1       1
                cinit                              7DD4     7DD4        A     3EEA       0

TOTAL           Name                               Link     Load   Length     Space
        CLASS   STACK          

        CLASS   CODE           
                init                                  0        0        4         0
                text6                              7DCC     7DCC        8         0
                text5                              7E00     7E00       36         0
                text4                              7EF4     7EF4      10C         0
                text3                              7E36     7E36       5E         0
                text2                              7DDE     7DDE       22         0
                text1                              7DC6     7DC6        6         0
                text0                              7E94     7E94       60         0
                cinit                              7DD4     7DD4        A         0

        CLASS   CONST          

        CLASS   SMALLCONST     

        CLASS   MEDIUMCONST    

        CLASS   COMRAM         
                cstackCOMRAM                          1        1       16         1
                bssCOMRAM                            17       17        2         1

        CLASS   ABS1           

        CLASS   BIGRAM         

        CLASS   RAM            

        CLASS   BANK0          

        CLASS   BANK1          

        CLASS   BANK2          

        CLASS   BANK3          

        CLASS   BANK4          

        CLASS   BANK5          

        CLASS   BANK6          

        CLASS   BANK7          

        CLASS   SFR            

        CLASS   CONFIG         
                config                           300000   300000        E         4

        CLASS   IDLOC          
                idloc                            200000   200000        8         5

        CLASS   EEDATA         

        CLASS   FARRAM         



SEGMENTS        Name                           Load    Length   Top    Selector   Space  Class

                text5                          007E00  000036  007E36      3F00       0  CODE    
                text2                          007DDE  000022  007E00      3EEF       0  CODE    
                reset_vec                      000000  000004  000004         0       0  CODE    
                text3                          007E36  00005E  007E94      3F1B       0  CODE    
                cinit                          007DD4  00000A  007DDE      3EEA       0  CODE    
                text0                          007E94  000060  007EF4      3F4A       0  CODE    
                text4                          007EF4  00010C  008000      3F7A       0  CODE    
                text1                          007DC6  000006  007DCC      3EE3       0  CODE    
                text6                          007DCC  000008  007DD4      3EE6       0  CODE    
                cstackCOMRAM                   000001  000018  000019         1       1  COMRAM  


UNUSED ADDRESS RANGES

        Name                Unused          Largest block    Delta
        BANK0            000060-0000FF               A0
        BANK1            000100-0001FF              100
        BANK2            000200-0002FF              100
        BANK3            000300-0003FF              100
        BANK4            000400-0004FF              100
        BANK5            000500-0005FF              100
        BANK6            000600-0006FF              100
        BANK7            000700-0007FF              100
        BIGRAM           000019-0007FF              7E7
        CODE             000004-007DC5             7DC2
        COMRAM           000019-00005F               47
        CONST            000004-007DC5             7DC2
        EEDATA           F00000-F000FF              100
        MEDIUMCONST      000800-007DC5             75C6
        RAM              000060-0007FF              100
        SFR              000F60-000FFF               A0
        SMALLCONST       000800-007DC5              100
        STACK            000060-0007FF              7A0

                                  Symbol Table

?___aldiv                cstackCOMRAM 000001
_ADCON0bits              (abs)        000FC2
_ADCON1bits              (abs)        000FC1
_ADCON2bits              (abs)        000FC0
_ADFM                    (abs)        007E07
_ADON                    (abs)        007E10
_ADRESH                  (abs)        000FC4
_ADRESL                  (abs)        000FC3
_BF                      (abs)        007E38
_BRG16                   (abs)        007DC3
_BRGH                    (abs)        007D62
_CREN                    (abs)        007D5C
_GIE                     (abs)        007F97
_GO_DONE                 (abs)        007E11
_PEIE                    (abs)        007F96
_PORTAbits               (abs)        000F80
_RCIE                    (abs)        007CED
_RCIF                    (abs)        007CF5
_RCREG                   (abs)        000FAE
_SENDB                   (abs)        007D63
_SPBRG                   (abs)        000FAF
_SPBRGH                  (abs)        000FB0
_SPEN                    (abs)        007D5F
_SSPBUF                  (abs)        000FC9
_SSPCON1bits             (abs)        000FC6
_SSPIE                   (abs)        007CEB
_SSPIF                   (abs)        007CF3
_SSPOV                   (abs)        007E36
_SSPSTATbits             (abs)        000FC7
_SYNC                    (abs)        007D64
_TRISA2                  (abs)        007C92
_TRISA3                  (abs)        007C93
_TRISA4                  (abs)        007C94
_TRISA5                  (abs)        007C95
_TRISB0                  (abs)        007C98
_TRISB1                  (abs)        007C99
_TRISC6                  (abs)        007CA6
_TRISC7                  (abs)        007CA7
_TRMT                    (abs)        007D61
_TX9                     (abs)        007D66
_TXEN                    (abs)        007D65
_TXREG                   (abs)        000FAD
__HRAM                   (abs)        000000
__Habs1                  abs1         000000
__Hbank0                 bank0        000000
__Hbank1                 bank1        000000
__Hbank2                 bank2        000000
__Hbank3                 bank3        000000
__Hbank4                 bank4        000000
__Hbank5                 bank5        000000
__Hbank6                 bank6        000000
__Hbank7                 bank7        000000
__Hbigbss                bigbss       000000
__Hbigdata               bigdata      000000
__Hbigram                bigram       000000
__Hbss                   bss          000000
__HbssCOMRAM             bssCOMRAM    000000
__Hcinit                 cinit        000000
__Hclrtext               clrtext      000000
__Hcomram                comram       000000
__Hconfig                config       30000E
__Hconst                 const        000000
__HcstackCOMRAM          cstackCOMRAM 000000
__Hdata                  data         000000
__Heeprom_data           eeprom_data  000000
__Hfarbss                farbss       000000
__Hfardata               fardata      000000
__Hibigdata              ibigdata     000000
__Hidata                 idata        000000
__Hidloc                 idloc        200008
__Hifardata              ifardata     000000
__Hinit                  init         000004
__Hintcode               intcode      000000
__Hintcode_body          intcode_body 000000
__Hintcodelo             intcodelo    000000
__Hintentry              intentry     000000
__Hintret                intret       000000
__Hintsave_regs          intsave_regs 000000
__Hirdata                irdata       000000
__Hmediumconst           mediumconst  000000
__HnvFARRAM              nvFARRAM     000000
__Hnvbit                 nvbit        000000
__Hnvrram                nvrram       000000
__Hparam                 rparam       000000
__Hpowerup               powerup      000000
__Hram                   ram          000000
__Hramtop                ramtop       000800
__Hrbit                  rbit         000000
__Hrbss                  rbss         000000
__Hrdata                 rdata        000000
__Hreset_vec             reset_vec    000000
__Hrparam                rparam       000000
__Hsfr                   sfr          000000
__Hsmallconst            smallconst   000000
__Hspace_0               (abs)        008000
__Hspace_1               (abs)        000019
__Hspace_2               (abs)        000000
__Hspace_4               (abs)        60000E
__Hstack                 stack        000000
__Hstruct                struct       000000
__Htemp                  temp         000000
__Htext                  text         000000
__Htext0                 text0        000000
__Htext1                 text1        000000
__Htext2                 text2        000000
__Htext3                 text3        000000
__Htext4                 text4        000000
__Htext5                 text5        000000
__Htext6                 text6        000000
__LRAM                   (abs)        000001
__Labs1                  abs1         000000
__Lbank0                 bank0        000000
__Lbank1                 bank1        000000
__Lbank2                 bank2        000000
__Lbank3                 bank3        000000
__Lbank4                 bank4        000000
__Lbank5                 bank5        000000
__Lbank6                 bank6        000000
__Lbank7                 bank7        000000
__Lbigbss                bigbss       000000
__Lbigdata               bigdata      000000
__Lbigram                bigram       000000
__Lbss                   bss          000000
__LbssCOMRAM             bssCOMRAM    000000
__Lcinit                 cinit        000000
__Lclrtext               clrtext      000000
__Lcomram                comram       000000
__Lconfig                config       000000
__Lconst                 const        000000
__LcstackCOMRAM          cstackCOMRAM 000000
__Ldata                  data         000000
__Leeprom_data           eeprom_data  000000
__Lfarbss                farbss       000000
__Lfardata               fardata      000000
__Libigdata              ibigdata     000000
__Lidata                 idata        000000
__Lidloc                 idloc        000000
__Lifardata              ifardata     000000
__Linit                  init         000000
__Lintcode               intcode      000000
__Lintcode_body          intcode_body 000000
__Lintcodelo             intcodelo    000000
__Lintentry              intentry     000000
__Lintret                intret       000000
__Lintsave_regs          intsave_regs 000000
__Lirdata                irdata       000000
__Lmediumconst           mediumconst  000000
__LnvFARRAM              nvFARRAM     000000
__Lnvbit                 nvbit        000000
__Lnvrram                nvrram       000000
__Lparam                 rparam       000000
__Lpowerup               powerup      000000
__Lram                   ram          000000
__Lramtop                ramtop       000800
__Lrbit                  rbit         000000
__Lrbss                  rbss         000000
__Lrdata                 rdata        000000
__Lreset_vec             reset_vec    000000
__Lrparam                rparam       000000
__Lsfr                   sfr          000000
__Lsmallconst            smallconst   000000
__Lspace_0               (abs)        000000
__Lspace_1               (abs)        000000
__Lspace_2               (abs)        000000
__Lspace_4               (abs)        000000
__Lstack                 stack        000000
__Lstruct                struct       000000
__Ltemp                  temp         000000
__Ltext                  text         000000
__Ltext0                 text0        000000
__Ltext1                 text1        000000
__Ltext2                 text2        000000
__Ltext3                 text3        000000
__Ltext4                 text4        000000
__Ltext5                 text5        000000
__Ltext6                 text6        000000
__S0                     (abs)        008000
__S1                     (abs)        000019
__S2                     (abs)        000000
__S4                     (abs)        000000
__S5                     (abs)        000000
___aldiv                 text4        007EF4
___aldiv@counter         cstackCOMRAM 000009
___aldiv@dividend        cstackCOMRAM 000001
___aldiv@divisor         cstackCOMRAM 000005
___aldiv@quotient        cstackCOMRAM 00000B
___aldiv@sign            cstackCOMRAM 00000A
___inthi_sp              stack        000000
___intlo_sp              stack        000000
___param_bank            (abs)        000000
___rparam_used           (abs)        000001
___sp                    stack        000000
__accesstop              (abs)        000060
__activetblptr           (abs)        000000
__end_of___aldiv         text4        008000
__end_of__initialization cinit        007DD8
__end_of_deinitADC       text6        007DD4
__end_of_initSPI         text5        007E36
__end_of_initUART        text3        007E94
__end_of_main            text0        007EF4
__end_of_rawSendSPI      text2        007E00
__end_of_setGPIO         text1        007DCC
__initialization         cinit        007DD4
__mediumconst            mediumconst  000000
__pbssCOMRAM             bssCOMRAM    000017
__pcinit                 cinit        007DD4
__pcstackCOMRAM          cstackCOMRAM 000001
__ptext0                 text0        007E94
__ptext1                 text1        007DC6
__ptext2                 text2        007DDE
__ptext3                 text3        007E36
__ptext4                 text4        007EF4
__ptext5                 text5        007E00
__ptext6                 text6        007DCC
__ramtop                 ramtop       000800
__size_of___aldiv        (abs)        000000
__size_of_deinitADC      (abs)        000000
__size_of_initSPI        (abs)        000000
__size_of_initUART       (abs)        000000
__size_of_main           (abs)        000000
__size_of_rawSendSPI     (abs)        000000
__size_of_setGPIO        (abs)        000000
__smallconst             smallconst   000000
_deinitADC               text6        007DCC
_initSPI                 text5        007E00
_initUART                text3        007E36
_main                    text0        007E94
_rawSendSPI              text2        007DDE
_received                bssCOMRAM    000017
_setGPIO                 text1        007DC6
_uartdata                bssCOMRAM    000018
end_of_initialization    cinit        007DD8
initSPI@freq_mode        cstackCOMRAM 000001
initSPI@mode             cstackCOMRAM 000002
initUART@baud_rate       cstackCOMRAM 00000F
initUART@num1            cstackCOMRAM 000013
intlevel0                text         000000
intlevel1                text         000000
intlevel2                text         000000
intlevel3                text         000000
isa$std                  (abs)        000001
isa$xinst                (abs)        000000
rawSendSPI@data          cstackCOMRAM 000001
stackhi                  (abs)        0007FF
stacklo                  (abs)        000060
start                    init         000000
start_initialization     cinit        007DD4


MODULE INFORMATION

Module		Function		Class		Link	Load	Size
./ADC.h
		_deinitADC     		CODE           	7DCC	0000	8

./ADC.h estimated size: 8

./SPI.h
		_initSPI       		CODE           	7E00	0000	54
		_rawSendSPI    		CODE           	7DDE	0000	34

./SPI.h estimated size: 88

./UART.h
		_initUART      		CODE           	7E36	0000	94

./UART.h estimated size: 94

shared
		__initialization		CODE           	7DD4	0000	4

shared estimated size: 4

/Applications/microchip/xc8/v2.32/pic/sources/c99/common/aldiv.c
		___aldiv       		CODE           	7EF4	0000	268

/Applications/microchip/xc8/v2.32/pic/sources/c99/common/aldiv.c estimated size: 268

main.c
		_main          		CODE           	7E94	0000	96

main.c estimated size: 96

./GPIO.h
		_setGPIO       		CODE           	7DC6	0000	6

./GPIO.h estimated size: 6

